// Jest Snapshot v1, https://goo.gl/fbAQLP

exports[`<App /> Rendering 1`] = `
<BrowserRouter>
  <Route
    component={[Function]}
    exact={true}
    path="/"
  />
  <Route
    component={[Function]}
    path="/indicators/:componentId"
  />
</BrowserRouter>
`;
